{
  "global": {
    "ask_for_confirmation_before_quitting": true,
    "check_for_updates_on_startup": true,
    "show_in_menu_bar": true,
    "show_profile_name_in_menu_bar": false,
    "unsafe_ui": false
  },
  "profiles": [
    {
      "complex_modifications": {
        "parameters": {
          "basic.simultaneous_threshold_milliseconds": 50,
          "basic.to_delayed_action_delay_milliseconds": 500,
          "basic.to_if_alone_timeout_milliseconds": 1000,
          "basic.to_if_held_down_threshold_milliseconds": 500,
          "mouse_motion_to_scroll.speed": 100
        },
        "rules": []
      },
      "devices": [
        {
          "disable_built_in_keyboard_if_exists": false,
          "fn_function_keys": [],
          "identifiers": {
            "is_keyboard": true,
            "is_pointing_device": false,
            "product_id": 835,
            "vendor_id": 1452
          },
          "ignore": false,
          "manipulate_caps_lock_led": true,
          "simple_modifications": [],
          "treat_as_built_in_keyboard": false
        },
        {
          "disable_built_in_keyboard_if_exists": false,
          "fn_function_keys": [],
          "identifiers": {
            "is_keyboard": false,
            "is_pointing_device": true,
            "product_id": 835,
            "vendor_id": 1452
          },
          "ignore": true,
          "manipulate_caps_lock_led": false,
          "simple_modifications": [],
          "treat_as_built_in_keyboard": false
        },
        {
          "disable_built_in_keyboard_if_exists": false,
          "fn_function_keys": [],
          "identifiers": {
            "is_keyboard": true,
            "is_pointing_device": false,
            "product_id": 591,
            "vendor_id": 1452
          },
          "ignore": false,
          "manipulate_caps_lock_led": true,
          "simple_modifications": [],
          "treat_as_built_in_keyboard": false
        },
        {
          "disable_built_in_keyboard_if_exists": false,
          "fn_function_keys": [],
          "identifiers": {
            "is_keyboard": false,
            "is_pointing_device": true,
            "product_id": 45111,
            "vendor_id": 1133
          },
          "ignore": true,
          "manipulate_caps_lock_led": false,
          "simple_modifications": [],
          "treat_as_built_in_keyboard": false
        }
      ],
      "fn_function_keys": [
        {
          "from": {
            "key_code": "f1"
          },
          "to": [
            {
              "consumer_key_code": "display_brightness_decrement"
            }
          ]
        },
        {
          "from": {
            "key_code": "f2"
          },
          "to": [
            {
              "consumer_key_code": "display_brightness_increment"
            }
          ]
        },
        {
          "from": {
            "key_code": "f3"
          },
          "to": [
            {
              "apple_vendor_keyboard_key_code": "mission_control"
            }
          ]
        },
        {
          "from": {
            "key_code": "f4"
          },
          "to": [
            {
              "apple_vendor_keyboard_key_code": "spotlight"
            }
          ]
        },
        {
          "from": {
            "key_code": "f5"
          },
          "to": [
            {
              "consumer_key_code": "dictation"
            }
          ]
        },
        {
          "from": {
            "key_code": "f6"
          },
          "to": [
            {
              "key_code": "f6"
            }
          ]
        },
        {
          "from": {
            "key_code": "f7"
          },
          "to": [
            {
              "consumer_key_code": "rewind"
            }
          ]
        },
        {
          "from": {
            "key_code": "f8"
          },
          "to": [
            {
              "consumer_key_code": "play_or_pause"
            }
          ]
        },
        {
          "from": {
            "key_code": "f9"
          },
          "to": [
            {
              "consumer_key_code": "fast_forward"
            }
          ]
        },
        {
          "from": {
            "key_code": "f10"
          },
          "to": [
            {
              "consumer_key_code": "mute"
            }
          ]
        },
        {
          "from": {
            "key_code": "f11"
          },
          "to": [
            {
              "consumer_key_code": "volume_decrement"
            }
          ]
        },
        {
          "from": {
            "key_code": "f12"
          },
          "to": [
            {
              "consumer_key_code": "volume_increment"
            }
          ]
        }
      ],
      "name": "Default",
      "parameters": {
        "delay_milliseconds_before_open_device": 1000
      },
      "selected": false,
      "simple_modifications": [],
      "virtual_hid_keyboard": {
        "country_code": 0,
        "indicate_sticky_modifier_keys_state": true,
        "mouse_key_xy_scale": 100
      }
    },
    {
      "complex_modifications": {
        "rules": [
          {
            "description": "Ctrl + Alt + T (Open Apple Terminal)",
            "manipulators": [
              {
                "from": {
                  "key_code": "t",
                  "modifiers": {
                    "mandatory": [
                      "control",
                      "option"
                    ],
                    "optional": []
                  }
                },
                "to": [
                  {
                    "shell_command": "open -a Terminal"
                  }
                ],
                "type": "basic"
              }
            ]
          },
          {
            "description": "Ctrl + Left Arrow",
            "manipulators": [
              {
                "conditions": [
                  {
                    "bundle_identifiers": [
                      "^com\\.jetbrains",
                      "^com\\.googlecode\\.iterm2$",
                      "^com\\.apple\\.Terminal$",
                      "^com\\.google\\.android\\.studio$"
                    ],
                    "type": "frontmost_application_unless"
                  }
                ],
                "from": {
                  "key_code": "left_arrow",
                  "modifiers": {
                    "mandatory": [
                      "control"
                    ],
                    "optional": [
                      "any"
                    ]
                  }
                },
                "to": [
                  {
                    "key_code": "left_arrow",
                    "modifiers": [
                      "option"
                    ]
                  }
                ],
                "type": "basic"
              }
            ]
          },
          {
            "description": "Ctrl + Shift + Left Arrow",
            "manipulators": [
              {
                "conditions": [
                  {
                    "bundle_identifiers": [
                      "^com\\.jetbrains",
                      "^com\\.googlecode\\.iterm2$",
                      "^com\\.apple\\.Terminal$",
                      "^com\\.google\\.android\\.studio$"
                    ],
                    "type": "frontmost_application_unless"
                  }
                ],
                "from": {
                  "key_code": "left_arrow",
                  "modifiers": {
                    "mandatory": [
                      "control",
                      "shift"
                    ],
                    "optional": [
                      "any"
                    ]
                  }
                },
                "to": [
                  {
                    "key_code": "left_arrow",
                    "modifiers": [
                      "option",
                      "shift"
                    ]
                  }
                ],
                "type": "basic"
              }
            ]
          },
          {
            "description": "Ctrl + Right Arrow",
            "manipulators": [
              {
                "conditions": [
                  {
                    "bundle_identifiers": [
                      "^com\\.jetbrains",
                      "^com\\.googlecode\\.iterm2$",
                      "^com\\.apple\\.Terminal$",
                      "^com\\.google\\.android\\.studio$"
                    ],
                    "type": "frontmost_application_unless"
                  }
                ],
                "from": {
                  "key_code": "right_arrow",
                  "modifiers": {
                    "mandatory": [
                      "control"
                    ],
                    "optional": [
                      "any"
                    ]
                  }
                },
                "to": [
                  {
                    "key_code": "right_arrow",
                    "modifiers": [
                      "option"
                    ]
                  }
                ],
                "type": "basic"
              }
            ]
          },
          {
            "description": "Ctrl + Shift + Right Arrow",
            "manipulators": [
              {
                "conditions": [
                  {
                    "bundle_identifiers": [
                      "^com\\.jetbrains",
                      "^com\\.googlecode\\.iterm2$",
                      "^com\\.apple\\.Terminal$",
                      "^com\\.google\\.android\\.studio$"
                    ],
                    "type": "frontmost_application_unless"
                  }
                ],
                "from": {
                  "key_code": "right_arrow",
                  "modifiers": {
                    "mandatory": [
                      "control",
                      "shift"
                    ],
                    "optional": [
                      "any"
                    ]
                  }
                },
                "to": [
                  {
                    "key_code": "right_arrow",
                    "modifiers": [
                      "option",
                      "shift"
                    ]
                  }
                ],
                "type": "basic"
              }
            ]
          },
          {
            "description": "Alt + F4",
            "manipulators": [
              {
                "from": {
                  "key_code": "f4",
                  "modifiers": {
                    "mandatory": [
                      "option"
                    ]
                  }
                },
                "to": [
                  {
                    "key_code": "q",
                    "modifiers": [
                      "left_control"
                    ]
                  }
                ],
                "type": "basic"
              }
            ]
          },
          {
            "description": "Win + L (Lock Screen)",
            "manipulators": [
              {
                "from": {
                  "key_code": "l",
                  "modifiers": {
                    "mandatory": [
                      "left_command"
                    ],
                    "optional": [
                      "any"
                    ]
                  }
                },
                "to": [
                  {
                    "key_code": "power",
                    "modifiers": [
                      "command",
                      "shift"
                    ]
                  }
                ],
                "type": "basic"
              }
            ]
          },
          {
            "description": "Ctrl + Backspace",
            "manipulators": [
              {
                "conditions": [
                  {
                    "bundle_identifiers": [
                      "^com\\.jetbrains",
                      "^com\\.googlecode\\.iterm2$",
                      "^com\\.apple\\.Terminal$",
                      "^com\\.google\\.android\\.studio$"
                    ],
                    "type": "frontmost_application_unless"
                  }
                ],
                "from": {
                  "key_code": "delete_or_backspace",
                  "modifiers": {
                    "mandatory": [
                      "control"
                    ],
                    "optional": [
                      "any"
                    ]
                  }
                },
                "to": [
                  {
                    "key_code": "delete_or_backspace",
                    "modifiers": [
                      "option"
                    ]
                  }
                ],
                "type": "basic"
              }
            ]
          },
          {
            "description": "F3 (Select next occurrence)",
            "manipulators": [
              {
                "conditions": [
                  {
                    "bundle_identifiers": [
                      "^com\\.jetbrains",
                      "^com\\.googlecode\\.iterm2$",
                      "^com\\.apple\\.Terminal$",
                      "^com\\.google\\.android\\.studio$"
                    ],
                    "type": "frontmost_application_unless"
                  }
                ],
                "from": {
                  "key_code": "f3",
                  "modifiers": {
                    "optional": [
                      "any"
                    ]
                  }
                },
                "to": [
                  {
                    "key_code": "g",
                    "modifiers": [
                      "control"
                    ]
                  }
                ],
                "type": "basic"
              }
            ]
          },
          {
            "description": "F5 (Reload page)",
            "manipulators": [
              {
                "conditions": [
                  {
                    "bundle_identifiers": [
                      "^com\\.brave\\.Browser",
                      "^com\\.google\\.Chrome"
                    ],
                    "type": "frontmost_application_if"
                  }
                ],
                "from": {
                  "key_code": "f5",
                  "modifiers": {
                    "optional": [
                      "shift"
                    ]
                  }
                },
                "to": [
                  {
                    "key_code": "r",
                    "modifiers": [
                      "left_control"
                    ]
                  }
                ],
                "type": "basic"
              }
            ]
          },
          {
            "description": "Ctrl + H (Browser history)",
            "manipulators": [
              {
                "conditions": [
                  {
                    "bundle_identifiers": [
                      "^com\\.brave\\.Browser",
                      "^com\\.google\\.Chrome"
                    ],
                    "type": "frontmost_application_if"
                  }
                ],
                "from": {
                  "key_code": "h",
                  "modifiers": {
                    "mandatory": [
                      "control"
                    ]
                  }
                },
                "to": [
                  {
                    "key_code": "y",
                    "modifiers": [
                      "left_control"
                    ]
                  }
                ],
                "type": "basic"
              }
            ]
          },
          {
            "description": "IntelliJ Preferences fix",
            "manipulators": [
              {
                "conditions": [
                  {
                    "bundle_identifiers": [
                      "^com\\.jetbrains",
                      "^com\\.google\\.android\\.studio$"
                    ],
                    "type": "frontmost_application_if"
                  }
                ],
                "from": {
                  "key_code": "s",
                  "modifiers": {
                    "mandatory": [
                      "control",
                      "option"
                    ],
                    "optional": []
                  }
                },
                "to": [
                  {
                    "key_code": "comma",
                    "modifiers": [
                      "control"
                    ]
                  }
                ],
                "type": "basic"
              }
            ]
          },
          {
            "description": "IntelliJ VCS Operations fix",
            "manipulators": [
              {
                "conditions": [
                  {
                    "bundle_identifiers": [
                      "^com\\.jetbrains",
                      "^com\\.google\\.android\\.studio$"
                    ],
                    "type": "frontmost_application_if"
                  }
                ],
                "from": {
                  "key_code": "grave_accent_and_tilde",
                  "modifiers": {
                    "mandatory": [
                      "left_option"
                    ],
                    "optional": []
                  }
                },
                "to": [
                  {
                    "key_code": "non_us_backslash",
                    "modifiers": [
                      "left_option"
                    ]
                  }
                ],
                "type": "basic"
              }
            ]
          },
          {
            "description": "IntelliJ VCS Operations fix (Show History)",
            "manipulators": [
              {
                "conditions": [
                  {
                    "bundle_identifiers": [
                      "^com\\.jetbrains",
                      "^com\\.google\\.android\\.studio$"
                    ],
                    "type": "frontmost_application_if"
                  }
                ],
                "from": {
                  "key_code": "4",
                  "modifiers": {
                    "mandatory": [
                      "left_option"
                    ],
                    "optional": []
                  }
                },
                "to": [
                  {
                    "key_code": "4"
                  }
                ],
                "type": "basic"
              }
            ]
          },
          {
            "description": "IntelliJ VCS Operations fix (Annotate with Git Blame)",
            "manipulators": [
              {
                "conditions": [
                  {
                    "bundle_identifiers": [
                      "^com\\.jetbrains",
                      "^com\\.google\\.android\\.studio$"
                    ],
                    "type": "frontmost_application_if"
                  }
                ],
                "from": {
                  "key_code": "5",
                  "modifiers": {
                    "mandatory": [
                      "left_option"
                    ],
                    "optional": []
                  }
                },
                "to": [
                  {
                    "key_code": "5"
                  }
                ],
                "type": "basic"
              }
            ]
          },
          {
            "description": "IntelliJ VCS Operations fix (Show Diff)",
            "manipulators": [
              {
                "conditions": [
                  {
                    "bundle_identifiers": [
                      "^com\\.jetbrains",
                      "^com\\.google\\.android\\.studio$"
                    ],
                    "type": "frontmost_application_if"
                  }
                ],
                "from": {
                  "key_code": "6",
                  "modifiers": {
                    "mandatory": [
                      "left_option"
                    ],
                    "optional": []
                  }
                },
                "to": [
                  {
                    "key_code": "6"
                  }
                ],
                "type": "basic"
              }
            ]
          },
          {
            "description": "Disable default app switcher",
            "manipulators": [
              {
                "from": {
                  "key_code": "tab",
                  "modifiers": {
                    "mandatory": [
                      "control"
                    ]
                  }
                },
                "to": [
                  {
                    "key_code": "f13"
                  }
                ],
                "type": "basic"
              }
            ]
          },
          {
            "description": "Enter to open file/directory in Finder",
            "manipulators": [
              {
                "type": "basic",
                "from": {
                  "key_code": "return_or_enter",
                  "modifiers": {
                    "optional": [
                      "any"
                    ]
                  }
                },
                "to": [
                  {
                    "key_code": "o",
                    "modifiers": [
                      "right_control"
                    ]
                  }
                ],
                "conditions": [
                  {
                    "type": "frontmost_application_if",
                    "bundle_identifiers": [
                      "^com.apple.finder"
                    ]
                  }
                ]
              }
            ]
          },
          {
            "description": "Use Return as Open and Use Fn+Return as Rename",
            "manipulators": [
              {
                "type": "basic",
                "from": {
                  "key_code": "return_or_enter",
                  "modifiers": {
                    "mandatory": [
                      "fn"
                    ]
                  }
                },
                "to": [
                  {
                    "key_code": "return_or_enter"
                  }
                ],
                "conditions": [
                  {
                    "type": "frontmost_application_if",
                    "bundle_identifiers": [
                      "^com.apple.finder"
                    ]
                  }
                ]
              },
              {
                "type": "basic",
                "from": {
                  "key_code": "return_or_enter"
                },
                "to": [
                  {
                    "key_code": "o",
                    "modifiers": [
                      "right_command"
                    ]
                  }
                ],
                "conditions": [
                  {
                    "type": "frontmost_application_if",
                    "bundle_identifiers": [
                      "^com.apple.finder"
                    ]
                  }
                ]
              }
            ]
          },
          {
            "description": "F2 to rename in Finder",
            "manipulators": [
              {
                "type": "basic",
                "from": {
                  "key_code": "f2"
                },
                "to": [
                  {
                    "key_code": "return_or_enter"
                  }
                ],
                "conditions": [
                  {
                    "type": "frontmost_application_if",
                    "bundle_identifiers": [
                      "^com.apple.finder"
                    ]
                  }
                ]
              }
            ]
          },
          {
            "description": "Delete to move to Trash in Finder",
            "manipulators": [
              {
                "type": "basic",
                "from": {
                  "key_code": "delete_forward",
                  "modifiers": {
                    "optional": [
                      "any"
                    ]
                  }
                },
                "to": [
                  {
                    "key_code": "delete_or_backspace",
                    "modifiers": [
                      "left_control"
                    ]
                  }
                ],
                "conditions": [
                  {
                    "type": "frontmost_application_if",
                    "bundle_identifiers": [
                      "^com.apple.finder"
                    ]
                  }
                ]
              }
            ]
          },
          {
            "description": "Fn + Delete to move to Trash in Finder",
            "manipulators": [
              {
                "type": "basic",
                "from": {
                  "key_code": "delete_forward",
                  "modifiers": {
                    "mandatory": [
                      "fn"
                    ]
                  }
                },
                "to": [
                  {
                    "key_code": "delete_or_backspace",
                    "modifiers": [
                      "left_command"
                    ]
                  }
                ],
                "conditions": [
                  {
                    "type": "frontmost_application_if",
                    "bundle_identifiers": [
                      "^com.apple.finder"
                    ]
                  }
                ]
              }
            ]
          },
          {
            "description": "Opt & Cmd swap (Spotlight)",
            "manipulators": [
              {
                "conditions": [],
                "from": {
                  "key_code": "left_option",
                  "modifiers": {
                    "optional": [
                      "any"
                    ]
                  }
                },
                "to": [
                  {
                    "key_code": "left_command"
                  }
                ],
                "type": "basic"
              },
              {
                "conditions": [],
                "from": {
                  "key_code": "left_command",
                  "modifiers": {
                    "optional": [
                      "any"
                    ]
                  }
                },
                "to": [
                  {
                    "key_code": "left_option"
                  }
                ],
                "type": "basic"
              },
              {
                "conditions": [],
                "from": {
                  "key_code": "right_option",
                  "modifiers": {
                    "optional": [
                      "any"
                    ]
                  }
                },
                "to": [
                  {
                    "key_code": "right_command"
                  }
                ],
                "type": "basic"
              },
              {
                "conditions": [],
                "from": {
                  "key_code": "right_command",
                  "modifiers": {
                    "optional": [
                      "any"
                    ]
                  }
                },
                "to": [
                  {
                    "key_code": "right_option"
                  }
                ],
                "type": "basic"
              }
            ]
          },
          {
            "description": "Win (Open Spotlight)",
            "manipulators": [
              {
                "from": {
                  "key_code": "left_command",
                  "modifiers": {
                    "optional": []
                  }
                },
                "to": [
                  {
                    "key_code": "left_command"
                  }
                ],
                "type": "basic"
              }
            ]
          }
        ]
      },
      "devices": [
        {
          "disable_built_in_keyboard_if_exists": false,
          "fn_function_keys": [],
          "identifiers": {
            "is_keyboard": false,
            "is_pointing_device": true,
            "product_id": 50484,
            "vendor_id": 1133
          },
          "ignore": true,
          "manipulate_caps_lock_led": false,
          "simple_modifications": [],
          "treat_as_built_in_keyboard": false
        },
        {
          "disable_built_in_keyboard_if_exists": false,
          "fn_function_keys": [],
          "identifiers": {
            "is_keyboard": true,
            "is_pointing_device": true,
            "product_id": 45915,
            "vendor_id": 1133
          },
          "ignore": false,
          "manipulate_caps_lock_led": true,
          "simple_modifications": [],
          "treat_as_built_in_keyboard": false
        },
        {
          "disable_built_in_keyboard_if_exists": false,
          "fn_function_keys": [],
          "identifiers": {
            "is_keyboard": true,
            "is_pointing_device": false,
            "product_id": 835,
            "vendor_id": 1452
          },
          "ignore": false,
          "manipulate_caps_lock_led": true,
          "simple_modifications": [],
          "treat_as_built_in_keyboard": false
        },
        {
          "disable_built_in_keyboard_if_exists": false,
          "fn_function_keys": [],
          "identifiers": {
            "is_keyboard": false,
            "is_pointing_device": true,
            "product_id": 835,
            "vendor_id": 1452
          },
          "ignore": true,
          "manipulate_caps_lock_led": false,
          "simple_modifications": [],
          "treat_as_built_in_keyboard": false
        },
        {
          "disable_built_in_keyboard_if_exists": false,
          "fn_function_keys": [],
          "identifiers": {
            "is_keyboard": true,
            "is_pointing_device": false,
            "product_id": 591,
            "vendor_id": 1452
          },
          "ignore": false,
          "manipulate_caps_lock_led": true,
          "simple_modifications": [],
          "treat_as_built_in_keyboard": false
        },
        {
          "disable_built_in_keyboard_if_exists": false,
          "fn_function_keys": [],
          "identifiers": {
            "is_keyboard": true,
            "is_pointing_device": true,
            "product_id": 45083,
            "vendor_id": 1133
          },
          "ignore": true,
          "manipulate_caps_lock_led": true,
          "simple_modifications": [],
          "treat_as_built_in_keyboard": false
        },
        {
          "disable_built_in_keyboard_if_exists": false,
          "fn_function_keys": [],
          "identifiers": {
            "is_keyboard": false,
            "is_pointing_device": true,
            "product_id": 855,
            "vendor_id": 1386
          },
          "ignore": true,
          "manipulate_caps_lock_led": false,
          "simple_modifications": [],
          "treat_as_built_in_keyboard": false
        },
        {
          "disable_built_in_keyboard_if_exists": false,
          "fn_function_keys": [],
          "identifiers": {
            "is_keyboard": false,
            "is_pointing_device": true,
            "product_id": 654,
            "vendor_id": 1118
          },
          "ignore": true,
          "manipulate_caps_lock_led": false,
          "simple_modifications": [],
          "treat_as_built_in_keyboard": false
        },
        {
          "disable_built_in_keyboard_if_exists": false,
          "fn_function_keys": [],
          "identifiers": {
            "is_keyboard": true,
            "is_pointing_device": false,
            "product_id": 4423,
            "vendor_id": 10462
          },
          "ignore": false,
          "manipulate_caps_lock_led": true,
          "simple_modifications": [],
          "treat_as_built_in_keyboard": false
        },
        {
          "disable_built_in_keyboard_if_exists": false,
          "fn_function_keys": [],
          "identifiers": {
            "is_keyboard": false,
            "is_pointing_device": true,
            "product_id": 4422,
            "vendor_id": 10462
          },
          "ignore": true,
          "manipulate_caps_lock_led": false,
          "simple_modifications": [],
          "treat_as_built_in_keyboard": false
        }
      ],
      "fn_function_keys": [
        {
          "from": {
            "key_code": "f1"
          },
          "to": [
            {
              "consumer_key_code": "display_brightness_decrement"
            }
          ]
        },
        {
          "from": {
            "key_code": "f2"
          },
          "to": [
            {
              "consumer_key_code": "display_brightness_increment"
            }
          ]
        },
        {
          "from": {
            "key_code": "f3"
          },
          "to": [
            {
              "apple_vendor_keyboard_key_code": "mission_control"
            }
          ]
        },
        {
          "from": {
            "key_code": "f4"
          },
          "to": [
            {
              "apple_vendor_keyboard_key_code": "spotlight"
            }
          ]
        },
        {
          "from": {
            "key_code": "f5"
          },
          "to": [
            {
              "consumer_key_code": "dictation"
            }
          ]
        },
        {
          "from": {
            "key_code": "f6"
          },
          "to": [
            {
              "key_code": "f6"
            }
          ]
        },
        {
          "from": {
            "key_code": "f7"
          },
          "to": [
            {
              "consumer_key_code": "rewind"
            }
          ]
        },
        {
          "from": {
            "key_code": "f8"
          },
          "to": [
            {
              "consumer_key_code": "play_or_pause"
            }
          ]
        },
        {
          "from": {
            "key_code": "f9"
          },
          "to": [
            {
              "consumer_key_code": "fast_forward"
            }
          ]
        },
        {
          "from": {
            "key_code": "f10"
          },
          "to": [
            {
              "consumer_key_code": "mute"
            }
          ]
        },
        {
          "from": {
            "key_code": "f11"
          },
          "to": [
            {
              "consumer_key_code": "volume_decrement"
            }
          ]
        },
        {
          "from": {
            "key_code": "f12"
          },
          "to": [
            {
              "consumer_key_code": "volume_increment"
            }
          ]
        }
      ],
      "name": "PCfy",
      "parameters": {
        "delay_milliseconds_before_open_device": 1000
      },
      "selected": true,
      "simple_modifications": [],
      "virtual_hid_keyboard": {
        "country_code": 0,
        "indicate_sticky_modifier_keys_state": true,
        "mouse_key_xy_scale": 100
      }
    }
  ]
}
